'DominanceThreshold.cliqueNumber_eq_one_iff' depends on axioms: [propext, Classical.choice, Quot.sound]
'DominanceThreshold.cliqueNumber_eq_n_iff' depends on axioms: [propext, Classical.choice, Quot.sound]
'DominanceThreshold.d_eq_D_diff' depends on axioms: [propext, Classical.choice, Quot.sound]
'DominanceThreshold.D_eq_sum_d' depends on axioms: [propext, Classical.choice, Quot.sound]
'DominanceThreshold.graphEdgeEquiv' depends on axioms: [propext, Classical.choice, Quot.sound]
'DominanceThreshold.card_labeled_graphs' depends on axioms: [propext, Classical.choice, Quot.sound]
'DominanceThreshold.row_sum_eq' depends on axioms: [propext, Classical.choice, Quot.sound]
'DominanceThreshold.total_weight' depends on axioms: [propext, Classical.choice, Quot.sound]
'DominanceThreshold.weighted_row_sum' depends on axioms: [propext, Classical.choice, Quot.sound]
'DominanceThreshold.least_strict_dominance' depends on axioms: [propext, Classical.choice, Quot.sound]
'DominanceThreshold.positiveAssignments_card' depends on axioms: [propext, Classical.choice, Quot.sound]
'CCRecovery.clique_bound_or_cluster' depends on axioms: [propext, Classical.choice, Quot.sound]
'CCRecovery.k_cliques_exactly_clusters' depends on axioms: [propext, Classical.choice, Quot.sound]
'CCRecovery.interPortCount_eq' depends on axioms: [propext, Classical.choice, Quot.sound]
'CCRecovery.labeled_encoding_injective' depends on axioms: [propext, Classical.choice, Quot.sound]
'CCUnusedRecovery.closedN_card_ge' depends on axioms: [propext, Classical.choice, Quot.sound]
'CCUnusedRecovery.closedN_unusedPort_eq_cluster' depends on axioms: [propext, Classical.choice, Quot.sound]
'CCUnusedRecovery.closedN_characterizes_clusters' depends on axioms: [propext, Classical.choice, Quot.sound]
'CCUnusedRecovery.recovered_cluster_family_eq' depends on axioms: [propext, Classical.choice, Quot.sound]
'CCUnusedRecovery.exists_minimum_closedN_card' depends on axioms: [propext, Classical.choice, Quot.sound]
'CCUnusedRecovery.interClusterCount_eq_interPortCount' depends on axioms: [propext, Classical.choice, Quot.sound]
'CCUnusedRecovery.interClusterCount_eq_multiplicity' depends on axioms: [propext, Classical.choice, Quot.sound]
'CCImageSequences.vertexCensus_pos' depends on axioms: [propext, Classical.choice, Quot.sound]
'CCImageSequences.vertexCensus_prime' depends on axioms: [propext, Classical.choice, Quot.sound]
'CCImageSequences.vertexCensus_pronic_ge' depends on axioms: [propext, Classical.choice, Quot.sound]
'CCImageSequences.pronicRoot_at_pronic' depends on axioms: [propext, Classical.choice, Quot.sound]
'CCImageSequences.ccEdgeCount_eq_piecewise' depends on axioms: [propext, Classical.choice, Quot.sound]
'CCImageSequences.ccEdgeCount_diag' depends on axioms: [propext, Classical.choice, Quot.sound]
'CCImageSequences.balanced_edge_ratio' depends on axioms: [propext, Classical.choice, Quot.sound]
